
 RUN  v4.0.18 C:/Users/yanko/Documents/pf/organizacion horarios/Sistema-Planificacion-de-Mantenimiento/backend

 ÔØ» src/modules/fallas/logic/__tests__/fallasProcessor.test.ts (5 tests | 1 failed) 36ms
     Ô£ô debe enriquecer correctamente los datos b├ísicos con semana, mes y a├▒o ISO 9ms
     ├ù debe manejar correctamente el cambio de a├▒o ISO (31 de diciembre puede ser semana 1 del pr├│ximo a├▒o) 19ms
     Ô£ô debe asignar valores por defecto a campos faltantes 1ms
     Ô£ô debe manejar fechas inv├ílidas devolviendo valores seguros (0) 1ms
     Ô£ô debe asegurar que los valores num├®ricos sean de tipo Number (por si vienen como string de la DB) 1ms
node.exe : 
En C:\Program 
Files\nodejs\npx.ps1: 29 
Carácter: 3
+   & $NODE_EXE $NPX_CLI_JS 
$args
+   
~~~~~~~~~~~~~~~~~~~~~~~~~~~~~
    + CategoryInfo          : 
    NotSpecified: (:String)   
  [], RemoteException
    + FullyQualifiedErrorId : 
    NativeCommandError
 
ÔÄ»ÔÄ»ÔÄ»ÔÄ»ÔÄ»ÔÄ»ÔÄ» Failed 
Tests 1 ÔÄ»ÔÄ»ÔÄ»ÔÄ»ÔÄ»ÔÄ»ÔÄ»

 FAIL  src/modules/fallas/logi
c/__tests__/fallasProcessor.te
st.ts > fallasProcessor - 
processFallasDataFromDB > 
debe manejar correctamente el 
cambio de a├▒o ISO (31 de 
diciembre puede ser semana 1 
del pr├│ximo a├▒o)
AssertionError: expected 52 
to be 1 // Object.is equality

[32m- Expected[39m
[31m+ Received[39m

[32m- 1[39m
[31m+ 52[39m

 ÔØ» src/modules/fallas/logic/
__tests__/fallasProcessor.test
.ts:38:30
     36|     const result = pr
ocessFallasDataFromDB(mockDbDa
ta);
     37| 
     38|     expect(result[0].
semana).toBe(1);
       |                      
        ^
     39|     expect(result[0].
anio).toBe(2026);
     40|     expect(result[0].
mes).toBe(12); // Diciembre

ÔÄ»ÔÄ»ÔÄ»ÔÄ»ÔÄ»ÔÄ»ÔÄ»ÔÄ»ÔÄ»ÔÄ»
ÔÄ»ÔÄ»ÔÄ»ÔÄ»ÔÄ»ÔÄ»ÔÄ»ÔÄ»ÔÄ»ÔÄ»
ÔÄ»ÔÄ»ÔÄ»ÔÄ»[1/1]ÔÄ»


 Test Files  1 failed (1)
      Tests  1 failed | 4 passed (5)
   Start at  08:52:31
   Duration  868ms (transform 174ms, setup 0ms, import 228ms, tests 36ms, environment 0ms)

